// Jest Snapshot v1, https://goo.gl/fbAQLP

exports[`Toast Should match snapshot 1`] = `"<div class=\\"v-snack v-snack--active v-snack--bottom\\" name=\\"v-snack-transition\\"><div class=\\"v-snack__wrapper error\\"><div class=\\"v-snack__content\\"><i aria-hidden=\\"true\\" class=\\"v-icon notranslate mr-2 mdi mdi-alert theme--light white--text\\"></i> <span>Email or Password is wrong</span> <button type=\\"button\\" class=\\"v-btn v-btn--flat v-btn--icon v-btn--round theme--light v-size--default\\"><span class=\\"v-btn__content\\"><i aria-hidden=\\"true\\" class=\\"v-icon notranslate mdi mdi-close-circle theme--light\\"></i></span></button></div></div></div>"`;
